
> pastry-web@0.1.0 build
> next build

  Ôû▓ Next.js 14.2.14
  - Environments: .env.local

node.exe : 
At line:1 char:1
+ & "C:\Program Files\
nodejs/node.exe" "C:\U
sers\bayod\AppData\Roa
ming\ ...
+ ~~~~~~~~~~~~~~~~~~~~
~~~~~~~~~~~~~~~~~~~~~~
~~~~~~~~~~~~~~~~~~~~~~
~~~~~
    + CategoryInfo    
          : NotSpeci  
  fied: (:String) [   
 ], RemoteExceptio    
n
    + FullyQualifiedE 
   rrorId : NativeCo  
  mmandError
 
> Build error occurred
Error: EINVAL: 
invalid argument, 
readlink 'C:\Users\bay
od\OneDrive\Desktop\Pa
stry\.next\server\app-
paths-manifest.json'
    at async 
Object.readlink (node:
internal/fs/promises:9
71:10)
    at async C:\Users\
bayod\OneDrive\Desktop
\Pastry\node_modules\n
ext\dist\lib\recursive
-delete.js:58:30
    at async 
Promise.all (index 1)
    at async 
recursiveDelete (C:\Us
ers\bayod\OneDrive\Des
ktop\Pastry\node_modul
es\next\dist\lib\recur
sive-delete.js:51:5)
    at async C:\Users\
bayod\OneDrive\Desktop
\Pastry\node_modules\n
ext\dist\lib\recursive
-delete.js:68:17
    at async 
Promise.all (index 1)
    at async 
recursiveDelete (C:\Us
ers\bayod\OneDrive\Des
ktop\Pastry\node_modul
es\next\dist\lib\recur
sive-delete.js:51:5)
    at async C:\Users\
bayod\OneDrive\Desktop
\Pastry\node_modules\n
ext\dist\build\index.j
s:679:17
    at async 
Span.traceAsyncFn (C:\
Users\bayod\OneDrive\D
esktop\Pastry\node_mod
ules\next\dist\trace\t
race.js:154:20)
    at async build (C:
\Users\bayod\OneDrive\
Desktop\Pastry\node_mo
dules\next\dist\build\
index.js:353:9) {
  errno: -4071,
  code: 'EINVAL',
  syscall: 'readlink',
  path: 'C:\\Users\\ba
yod\\OneDrive\\Desktop
\\Pastry\\.next\\serve
r\\app-paths-manifest.
json'
}
