src/app/api/custom-order/submit/route.ts(2,56): error TS2307: Cannot find module '@supabase/ssr' or its corresponding type declarations.
src/components/layout/Navbar.tsx(40,21): error TS2339: Property 'createClientComponentClient' does not exist on type '{ default: typeof import("C:/Users/bayod/OneDrive/Desktop/Pastry/node_modules/@supabase/auth-helpers-nextjs/dist/main/index"); createBrowserClient<Database = any, SchemaName extends string & keyof Omit<Database, "__InternalSupabase"> = "public" extends Exclude<...> ? "public" : string & Exclude<...>>(supabaseUrl: st...'.
